Archive member included because of file (symbol)

C:\marmalade\7.5\s3e\edk\lib\android/libedk.a(IwDebug.o)
                              debug\Flurry_platform.os (IwDebugTraceIsChannelOn)
C:\marmalade\7.5\s3e\edk\lib\android/libedk.a(edk_helpers.o)
                              debug\Flurry_platform.os (s3eEdkThreadRunOnOS)
c:/software/android-ndk-r10d/toolchains/arm-linux-androideabi-4.8/prebuilt/windows/bin/../lib/gcc/arm-linux-androideabi/4.8/libgcc.a(_aeabi_ldivmod.o)
                              C:\marmalade\7.5\s3e\edk\lib\android/libedk.a(IwDebug.o) (__aeabi_ldivmod)
c:/software/android-ndk-r10d/toolchains/arm-linux-androideabi-4.8/prebuilt/windows/bin/../lib/gcc/arm-linux-androideabi/4.8/libgcc.a(_dvmd_lnx.o)
                              c:/software/android-ndk-r10d/toolchains/arm-linux-androideabi-4.8/prebuilt/windows/bin/../lib/gcc/arm-linux-androideabi/4.8/libgcc.a(_aeabi_ldivmod.o) (__aeabi_ldiv0)
c:/software/android-ndk-r10d/toolchains/arm-linux-androideabi-4.8/prebuilt/windows/bin/../lib/gcc/arm-linux-androideabi/4.8/libgcc.a(bpabi.o)
                              c:/software/android-ndk-r10d/toolchains/arm-linux-androideabi-4.8/prebuilt/windows/bin/../lib/gcc/arm-linux-androideabi/4.8/libgcc.a(_aeabi_ldivmod.o) (__gnu_ldivmod_helper)
c:/software/android-ndk-r10d/toolchains/arm-linux-androideabi-4.8/prebuilt/windows/bin/../lib/gcc/arm-linux-androideabi/4.8/libgcc.a(unwind-arm.o)
                              c:/software/android-ndk-r10d/toolchains/arm-linux-androideabi-4.8/prebuilt/windows/bin/../lib/gcc/arm-linux-androideabi/4.8/libgcc.a(bpabi.o) (__aeabi_unwind_cpp_pr0)
c:/software/android-ndk-r10d/toolchains/arm-linux-androideabi-4.8/prebuilt/windows/bin/../lib/gcc/arm-linux-androideabi/4.8/libgcc.a(libunwind.o)
                              c:/software/android-ndk-r10d/toolchains/arm-linux-androideabi-4.8/prebuilt/windows/bin/../lib/gcc/arm-linux-androideabi/4.8/libgcc.a(unwind-arm.o) (restore_core_regs)
c:/software/android-ndk-r10d/toolchains/arm-linux-androideabi-4.8/prebuilt/windows/bin/../lib/gcc/arm-linux-androideabi/4.8/libgcc.a(pr-support.o)
                              c:/software/android-ndk-r10d/toolchains/arm-linux-androideabi-4.8/prebuilt/windows/bin/../lib/gcc/arm-linux-androideabi/4.8/libgcc.a(unwind-arm.o) (__gnu_unwind_execute)
c:/software/android-ndk-r10d/toolchains/arm-linux-androideabi-4.8/prebuilt/windows/bin/../lib/gcc/arm-linux-androideabi/4.8/libgcc.a(_divdi3.o)
                              c:/software/android-ndk-r10d/toolchains/arm-linux-androideabi-4.8/prebuilt/windows/bin/../lib/gcc/arm-linux-androideabi/4.8/libgcc.a(bpabi.o) (__divdi3)
c:/software/android-ndk-r10d/toolchains/arm-linux-androideabi-4.8/prebuilt/windows/bin/../lib/gcc/arm-linux-androideabi/4.8/libgcc.a(_udivdi3.o)
                              c:/software/android-ndk-r10d/toolchains/arm-linux-androideabi-4.8/prebuilt/windows/bin/../lib/gcc/arm-linux-androideabi/4.8/libgcc.a(bpabi.o) (__udivdi3)
c:/software/android-ndk-r10d/toolchains/arm-linux-androideabi-4.8/prebuilt/windows/bin/../lib/gcc/arm-linux-androideabi/4.8/libgcc.a(_udivsi3.o)
                              c:/software/android-ndk-r10d/toolchains/arm-linux-androideabi-4.8/prebuilt/windows/bin/../lib/gcc/arm-linux-androideabi/4.8/libgcc.a(_divdi3.o) (__aeabi_uidiv)

Discarded input sections

 .text          0x00000000       0x34 C:/software/android-ndk-r10d/platforms/android-14/arch-arm/usr/lib/crtbegin_so.o
 .bss           0x00000000        0x0 C:/software/android-ndk-r10d/platforms/android-14/arch-arm/usr/lib/crtbegin_so.o
 .note.GNU-stack
                0x00000000        0x0 C:/software/android-ndk-r10d/platforms/android-14/arch-arm/usr/lib/crtbegin_so.o
 .group         0x00000000        0x8 debug\Flurry_platform.os
 .group         0x00000000        0x8 debug\Flurry_platform.os
 .group         0x00000000        0x8 debug\Flurry_platform.os
 .group         0x00000000        0x8 debug\Flurry_platform.os
 .group         0x00000000        0x8 debug\Flurry_platform.os
 .group         0x00000000        0x8 debug\Flurry_platform.os
 .group         0x00000000        0x8 debug\Flurry_platform.os
 .group         0x00000000        0x8 debug\Flurry_platform.os
 .group         0x00000000        0x8 debug\Flurry_platform.os
 .group         0x00000000        0x8 debug\Flurry_platform.os
 .group         0x00000000        0x8 debug\Flurry_platform.os
 .text          0x00000000        0x0 debug\Flurry_platform.os
 .data          0x00000000        0x0 debug\Flurry_platform.os
 .text._ZL19CreateParamsHashMapP14s3eFlurryParami
                0x00000000      0x140 debug\Flurry_platform.os
 .note.GNU-stack
                0x00000000        0x0 debug\Flurry_platform.os
 .text          0x00000000        0x0 debug\Flurry.os
 .data          0x00000000        0x0 debug\Flurry.os
 .bss           0x00000000        0x0 debug\Flurry.os
 .rodata        0x00000000        0x4 debug\Flurry.os
 .note.GNU-stack
                0x00000000        0x0 debug\Flurry.os
 .text          0x00000000        0x0 debug\Flurry_register.os
 .data          0x00000000        0x0 debug\Flurry_register.os
 .bss           0x00000000        0x0 debug\Flurry_register.os
 .note.GNU-stack
                0x00000000        0x0 debug\Flurry_register.os
 .text          0x00000000        0x0 C:\marmalade\7.5\s3e\edk\lib\android/libedk.a(IwDebug.o)
 .data          0x00000000        0x0 C:\marmalade\7.5\s3e\edk\lib\android/libedk.a(IwDebug.o)
 .text.IwDebugClearConfigCache
                0x00000000       0x80 C:\marmalade\7.5\s3e\edk\lib\android/libedk.a(IwDebug.o)
 .text.IwDebugAssertIsChannelOn
                0x00000000      0x1ec C:\marmalade\7.5\s3e\edk\lib\android/libedk.a(IwDebug.o)
 .text.IwDebugAssertShow
                0x00000000      0x2e8 C:\marmalade\7.5\s3e\edk\lib\android/libedk.a(IwDebug.o)
 .text.IwDebugAssertSetSolution
                0x00000000       0xb4 C:\marmalade\7.5\s3e\edk\lib\android/libedk.a(IwDebug.o)
 .text.IwDebugAssertSetMessage
                0x00000000       0xfc C:\marmalade\7.5\s3e\edk\lib\android/libedk.a(IwDebug.o)
 .text.IwAssertRegisterTextCallback
                0x00000000       0x1c C:\marmalade\7.5\s3e\edk\lib\android/libedk.a(IwDebug.o)
 .text.IwAssertRegisterCallback
                0x00000000       0x1c C:\marmalade\7.5\s3e\edk\lib\android/libedk.a(IwDebug.o)
 .text.IwDebugTraceDisable
                0x00000000       0x10 C:\marmalade\7.5\s3e\edk\lib\android/libedk.a(IwDebug.o)
 .text.IwDebugTraceChannelSwitch
                0x00000000      0x1e4 C:\marmalade\7.5\s3e\edk\lib\android/libedk.a(IwDebug.o)
 .text.IwDebugErrorRegisterCallback
                0x00000000       0x1c C:\marmalade\7.5\s3e\edk\lib\android/libedk.a(IwDebug.o)
 .text.IwDebugErrorShow
                0x00000000      0x108 C:\marmalade\7.5\s3e\edk\lib\android/libedk.a(IwDebug.o)
 .text.IwDebugAssertSetUID
                0x00000000       0x14 C:\marmalade\7.5\s3e\edk\lib\android/libedk.a(IwDebug.o)
 .note.GNU-stack
                0x00000000        0x0 C:\marmalade\7.5\s3e\edk\lib\android/libedk.a(IwDebug.o)
 .text          0x00000000        0x0 C:\marmalade\7.5\s3e\edk\lib\android/libedk.a(edk_helpers.o)
 .data          0x00000000        0x0 C:\marmalade\7.5\s3e\edk\lib\android/libedk.a(edk_helpers.o)
 .bss           0x00000000        0x0 C:\marmalade\7.5\s3e\edk\lib\android/libedk.a(edk_helpers.o)
 .text.s3eEdkErrorSetString
                0x00000000       0x30 C:\marmalade\7.5\s3e\edk\lib\android/libedk.a(edk_helpers.o)
 .text.s3eEdkThreadRunOnOSAsync
                0x00000000       0x30 C:\marmalade\7.5\s3e\edk\lib\android/libedk.a(edk_helpers.o)
 .note.GNU-stack
                0x00000000        0x0 C:\marmalade\7.5\s3e\edk\lib\android/libedk.a(edk_helpers.o)
 .data          0x00000000        0x0 c:/software/android-ndk-r10d/toolchains/arm-linux-androideabi-4.8/prebuilt/windows/bin/../lib/gcc/arm-linux-androideabi/4.8/libgcc.a(_aeabi_ldivmod.o)
 .bss           0x00000000        0x0 c:/software/android-ndk-r10d/toolchains/arm-linux-androideabi-4.8/prebuilt/windows/bin/../lib/gcc/arm-linux-androideabi/4.8/libgcc.a(_aeabi_ldivmod.o)
 .note.GNU-stack
                0x00000000        0x0 c:/software/android-ndk-r10d/toolchains/arm-linux-androideabi-4.8/prebuilt/windows/bin/../lib/gcc/arm-linux-androideabi/4.8/libgcc.a(_aeabi_ldivmod.o)
 .data          0x00000000        0x0 c:/software/android-ndk-r10d/toolchains/arm-linux-androideabi-4.8/prebuilt/windows/bin/../lib/gcc/arm-linux-androideabi/4.8/libgcc.a(_dvmd_lnx.o)
 .bss           0x00000000        0x0 c:/software/android-ndk-r10d/toolchains/arm-linux-androideabi-4.8/prebuilt/windows/bin/../lib/gcc/arm-linux-androideabi/4.8/libgcc.a(_dvmd_lnx.o)
 .note.GNU-stack
                0x00000000        0x0 c:/software/android-ndk-r10d/toolchains/arm-linux-androideabi-4.8/prebuilt/windows/bin/../lib/gcc/arm-linux-androideabi/4.8/libgcc.a(_dvmd_lnx.o)
 .data          0x00000000        0x0 c:/software/android-ndk-r10d/toolchains/arm-linux-androideabi-4.8/prebuilt/windows/bin/../lib/gcc/arm-linux-androideabi/4.8/libgcc.a(bpabi.o)
 .bss           0x00000000        0x0 c:/software/android-ndk-r10d/toolchains/arm-linux-androideabi-4.8/prebuilt/windows/bin/../lib/gcc/arm-linux-androideabi/4.8/libgcc.a(bpabi.o)
 .ARM.extab     0x00000000        0x0 c:/software/android-ndk-r10d/toolchains/arm-linux-androideabi-4.8/prebuilt/windows/bin/../lib/gcc/arm-linux-androideabi/4.8/libgcc.a(bpabi.o)
 .note.GNU-stack
                0x00000000        0x0 c:/software/android-ndk-r10d/toolchains/arm-linux-androideabi-4.8/prebuilt/windows/bin/../lib/gcc/arm-linux-androideabi/4.8/libgcc.a(bpabi.o)
 .data          0x00000000        0x0 c:/software/android-ndk-r10d/toolchains/arm-linux-androideabi-4.8/prebuilt/windows/bin/../lib/gcc/arm-linux-androideabi/4.8/libgcc.a(unwind-arm.o)
 .bss           0x00000000        0x0 c:/software/android-ndk-r10d/toolchains/arm-linux-androideabi-4.8/prebuilt/windows/bin/../lib/gcc/arm-linux-androideabi/4.8/libgcc.a(unwind-arm.o)
 .note.GNU-stack
                0x00000000        0x0 c:/software/android-ndk-r10d/toolchains/arm-linux-androideabi-4.8/prebuilt/windows/bin/../lib/gcc/arm-linux-androideabi/4.8/libgcc.a(unwind-arm.o)
 .data          0x00000000        0x0 c:/software/android-ndk-r10d/toolchains/arm-linux-androideabi-4.8/prebuilt/windows/bin/../lib/gcc/arm-linux-androideabi/4.8/libgcc.a(libunwind.o)
 .bss           0x00000000        0x0 c:/software/android-ndk-r10d/toolchains/arm-linux-androideabi-4.8/prebuilt/windows/bin/../lib/gcc/arm-linux-androideabi/4.8/libgcc.a(libunwind.o)
 .note.GNU-stack
                0x00000000        0x0 c:/software/android-ndk-r10d/toolchains/arm-linux-androideabi-4.8/prebuilt/windows/bin/../lib/gcc/arm-linux-androideabi/4.8/libgcc.a(libunwind.o)
 .data          0x00000000        0x0 c:/software/android-ndk-r10d/toolchains/arm-linux-androideabi-4.8/prebuilt/windows/bin/../lib/gcc/arm-linux-androideabi/4.8/libgcc.a(pr-support.o)
 .bss           0x00000000        0x0 c:/software/android-ndk-r10d/toolchains/arm-linux-androideabi-4.8/prebuilt/windows/bin/../lib/gcc/arm-linux-androideabi/4.8/libgcc.a(pr-support.o)
 .note.GNU-stack
                0x00000000        0x0 c:/software/android-ndk-r10d/toolchains/arm-linux-androideabi-4.8/prebuilt/windows/bin/../lib/gcc/arm-linux-androideabi/4.8/libgcc.a(pr-support.o)
 .data          0x00000000        0x0 c:/software/android-ndk-r10d/toolchains/arm-linux-androideabi-4.8/prebuilt/windows/bin/../lib/gcc/arm-linux-androideabi/4.8/libgcc.a(_divdi3.o)
 .bss           0x00000000        0x0 c:/software/android-ndk-r10d/toolchains/arm-linux-androideabi-4.8/prebuilt/windows/bin/../lib/gcc/arm-linux-androideabi/4.8/libgcc.a(_divdi3.o)
 .ARM.extab     0x00000000        0x0 c:/software/android-ndk-r10d/toolchains/arm-linux-androideabi-4.8/prebuilt/windows/bin/../lib/gcc/arm-linux-androideabi/4.8/libgcc.a(_divdi3.o)
 .note.GNU-stack
                0x00000000        0x0 c:/software/android-ndk-r10d/toolchains/arm-linux-androideabi-4.8/prebuilt/windows/bin/../lib/gcc/arm-linux-androideabi/4.8/libgcc.a(_divdi3.o)
 .data          0x00000000        0x0 c:/software/android-ndk-r10d/toolchains/arm-linux-androideabi-4.8/prebuilt/windows/bin/../lib/gcc/arm-linux-androideabi/4.8/libgcc.a(_udivdi3.o)
 .bss           0x00000000        0x0 c:/software/android-ndk-r10d/toolchains/arm-linux-androideabi-4.8/prebuilt/windows/bin/../lib/gcc/arm-linux-androideabi/4.8/libgcc.a(_udivdi3.o)
 .ARM.extab     0x00000000        0x0 c:/software/android-ndk-r10d/toolchains/arm-linux-androideabi-4.8/prebuilt/windows/bin/../lib/gcc/arm-linux-androideabi/4.8/libgcc.a(_udivdi3.o)
 .note.GNU-stack
                0x00000000        0x0 c:/software/android-ndk-r10d/toolchains/arm-linux-androideabi-4.8/prebuilt/windows/bin/../lib/gcc/arm-linux-androideabi/4.8/libgcc.a(_udivdi3.o)
 .data          0x00000000        0x0 c:/software/android-ndk-r10d/toolchains/arm-linux-androideabi-4.8/prebuilt/windows/bin/../lib/gcc/arm-linux-androideabi/4.8/libgcc.a(_udivsi3.o)
 .bss           0x00000000        0x0 c:/software/android-ndk-r10d/toolchains/arm-linux-androideabi-4.8/prebuilt/windows/bin/../lib/gcc/arm-linux-androideabi/4.8/libgcc.a(_udivsi3.o)
 .note.GNU-stack
                0x00000000        0x0 c:/software/android-ndk-r10d/toolchains/arm-linux-androideabi-4.8/prebuilt/windows/bin/../lib/gcc/arm-linux-androideabi/4.8/libgcc.a(_udivsi3.o)
 .text          0x00000000        0x0 C:/software/android-ndk-r10d/platforms/android-14/arch-arm/usr/lib/crtend_so.o
 .data          0x00000000        0x0 C:/software/android-ndk-r10d/platforms/android-14/arch-arm/usr/lib/crtend_so.o
 .bss           0x00000000        0x0 C:/software/android-ndk-r10d/platforms/android-14/arch-arm/usr/lib/crtend_so.o
 .note.GNU-stack
                0x00000000        0x0 C:/software/android-ndk-r10d/platforms/android-14/arch-arm/usr/lib/crtend_so.o

Memory map

 ** file header
                0x00000000       0x34
 ** segment headers
                0x00000034      0x100

.interp         0x00000134       0x13
 ** fill        0x00000134       0x13

.dynsym         0x00000148      0x580
 ** dynsym      0x00000148      0x580

.dynstr         0x000006c8      0x678
 ** string table
                0x000006c8      0x678

.hash           0x00000d40      0x274
 ** hash        0x00000d40      0x274

.rel.dyn        0x00000fb4       0xc0
 ** dynamic relocs
                0x00000fb4       0xc0

.rel.plt        0x00001074       0xa0
 ** dynamic relocs
                0x00001074       0xa0

.plt            0x00001114      0x104
 ** PLT         0x00001114      0x104

.text           0x00001218     0x36a4
 .text.exit     0x00001218       0x10 C:/software/android-ndk-r10d/platforms/android-14/arch-arm/usr/lib/crtbegin_so.o
                0x00001218                __on_dlclose
 .text.startup._GLOBAL__sub_I_IwDebug.cpp
                0x00001228       0x88 C:\marmalade\7.5\s3e\edk\lib\android/libedk.a(IwDebug.o)
 .text._ZN7_JNIEnv9FindClassEPKc
                0x000012b0       0x38 debug\Flurry_platform.os
                0x000012b0                _JNIEnv::FindClass(char const*)
 .text._ZN7_JNIEnv17ExceptionOccurredEv
                0x000012e8       0x30 debug\Flurry_platform.os
                0x000012e8                _JNIEnv::ExceptionOccurred()
 .text._ZN7_JNIEnv17ExceptionDescribeEv
                0x00001318       0x28 debug\Flurry_platform.os
                0x00001318                _JNIEnv::ExceptionDescribe()
 .text._ZN7_JNIEnv14ExceptionClearEv
                0x00001340       0x28 debug\Flurry_platform.os
                0x00001340                _JNIEnv::ExceptionClear()
 .text._ZN7_JNIEnv12NewGlobalRefEP8_jobject
                0x00001368       0x38 debug\Flurry_platform.os
                0x00001368                _JNIEnv::NewGlobalRef(_jobject*)
 .text._ZN7_JNIEnv14DeleteLocalRefEP8_jobject
                0x000013a0       0x30 debug\Flurry_platform.os
                0x000013a0                _JNIEnv::DeleteLocalRef(_jobject*)
 .text._ZN7_JNIEnv9NewObjectEP7_jclassP10_jmethodIDz
                0x000013d0       0x58 debug\Flurry_platform.os
                0x000013d0                _JNIEnv::NewObject(_jclass*, _jmethodID*, ...)
 .text._ZN7_JNIEnv11GetMethodIDEP7_jclassPKcS3_
                0x00001428       0x48 debug\Flurry_platform.os
                0x00001428                _JNIEnv::GetMethodID(_jclass*, char const*, char const*)
 .text._ZN7_JNIEnv14CallVoidMethodEP8_jobjectP10_jmethodIDz
                0x00001470       0x4c debug\Flurry_platform.os
                0x00001470                _JNIEnv::CallVoidMethod(_jobject*, _jmethodID*, ...)
 .text._ZN7_JNIEnv12NewStringUTFEPKc
                0x000014bc       0x38 debug\Flurry_platform.os
                0x000014bc                _JNIEnv::NewStringUTF(char const*)
 .text._ZN7_JavaVM6GetEnvEPPvi
                0x000014f4       0x40 debug\Flurry_platform.os
                0x000014f4                _JavaVM::GetEnv(void**, int)
 .text._ZL15s3eEdkJNIGetEnvv
                0x00001534       0x40 debug\Flurry_platform.os
 .text._ZL27s3eEdkAndroidFindClass_realPKc
                0x00001574       0x8c debug\Flurry_platform.os
 .text._ZL22s3eEdkAndroidFindClassPKc
                0x00001600       0x38 debug\Flurry_platform.os
 .text._Z19FlurryInit_platformv
                0x00001638      0x650 debug\Flurry_platform.os
                0x00001638                FlurryInit_platform()
 .text._Z24FlurryTerminate_platformv
                0x00001c88        0x4 debug\Flurry_platform.os
                0x00001c88                FlurryTerminate_platform()
 .text._Z30s3eFlurryStartSession_platformPKc
                0x00001c8c       0x6c debug\Flurry_platform.os
                0x00001c8c                s3eFlurryStartSession_platform(char const*)
 .text._Z28s3eFlurryEndSession_platformv
                0x00001cf8       0x48 debug\Flurry_platform.os
                0x00001cf8                s3eFlurryEndSession_platform()
 .text._Z26s3eFlurryLogEvent_platformPKc
                0x00001d40       0x6c debug\Flurry_platform.os
                0x00001d40                s3eFlurryLogEvent_platform(char const*)
 .text._Z31s3eFlurryLogEventTimed_platformPKc
                0x00001dac       0x6c debug\Flurry_platform.os
                0x00001dac                s3eFlurryLogEventTimed_platform(char const*)
 .text._Z32s3eFlurryLogEventParams_platformPKcS0_
                0x00001e18       0x94 debug\Flurry_platform.os
                0x00001e18                s3eFlurryLogEventParams_platform(char const*, char const*)
 .text._Z37s3eFlurryLogEventParamsTimed_platformPKcS0_
                0x00001eac       0x94 debug\Flurry_platform.os
                0x00001eac                s3eFlurryLogEventParamsTimed_platform(char const*, char const*)
 .text._Z31s3eFlurryEndTimedEvent_platformPKcS0_
                0x00001f40       0x94 debug\Flurry_platform.os
                0x00001f40                s3eFlurryEndTimedEvent_platform(char const*, char const*)
 .text._Z26s3eFlurryLogError_platformPKcS0_
                0x00001fd4       0x94 debug\Flurry_platform.os
                0x00001fd4                s3eFlurryLogError_platform(char const*, char const*)
 .text._Z27s3eFlurrySetUserID_platformPKc
                0x00002068       0x6c debug\Flurry_platform.os
                0x00002068                s3eFlurrySetUserID_platform(char const*)
 .text._Z24s3eFlurrySetAge_platformi
                0x000020d4       0x50 debug\Flurry_platform.os
                0x000020d4                s3eFlurrySetAge_platform(int)
 .text._Z31s3eFlurryCountPageView_platformv
                0x00002124       0x48 debug\Flurry_platform.os
                0x00002124                s3eFlurryCountPageView_platform()
 .text._Z49s3eFlurrySetSessionReportsOnCloseEnabled_platformh
                0x0000216c       0x4c debug\Flurry_platform.os
                0x0000216c                s3eFlurrySetSessionReportsOnCloseEnabled_platform(unsigned char)
 .text._Z49s3eFlurrySetSessionReportsOnPauseEnabled_platformh
                0x000021b8       0x4c debug\Flurry_platform.os
                0x000021b8                s3eFlurrySetSessionReportsOnPauseEnabled_platform(unsigned char)
 .text._Z10FlurryInitv
                0x00002204       0x14 debug\Flurry.os
                0x00002204                FlurryInit()
 .text._Z15FlurryTerminatev
                0x00002218        0xc debug\Flurry.os
                0x00002218                FlurryTerminate()
 .text.s3eFlurryStartSession
                0x00002224       0x1c debug\Flurry.os
                0x00002224                s3eFlurryStartSession
 .text.s3eFlurryEndSession
                0x00002240        0xc debug\Flurry.os
                0x00002240                s3eFlurryEndSession
 .text.s3eFlurryLogEvent
                0x0000224c       0x1c debug\Flurry.os
                0x0000224c                s3eFlurryLogEvent
 .text.s3eFlurryLogEventTimed
                0x00002268       0x1c debug\Flurry.os
                0x00002268                s3eFlurryLogEventTimed
 .text.s3eFlurryLogEventParams
                0x00002284       0x24 debug\Flurry.os
                0x00002284                s3eFlurryLogEventParams
 .text.s3eFlurryLogEventParamsTimed
                0x000022a8       0x24 debug\Flurry.os
                0x000022a8                s3eFlurryLogEventParamsTimed
 .text.s3eFlurryEndTimedEvent
                0x000022cc       0x24 debug\Flurry.os
                0x000022cc                s3eFlurryEndTimedEvent
 .text.s3eFlurryLogError
                0x000022f0       0x24 debug\Flurry.os
                0x000022f0                s3eFlurryLogError
 .text.s3eFlurrySetUserID
                0x00002314       0x1c debug\Flurry.os
                0x00002314                s3eFlurrySetUserID
 .text.s3eFlurrySetAge
                0x00002330       0x1c debug\Flurry.os
                0x00002330                s3eFlurrySetAge
 .text.s3eFlurryCountPageView
                0x0000234c        0xc debug\Flurry.os
                0x0000234c                s3eFlurryCountPageView
 .text.s3eFlurrySetSessionReportsOnCloseEnabled
                0x00002358       0x24 debug\Flurry.os
                0x00002358                s3eFlurrySetSessionReportsOnCloseEnabled
 .text.s3eFlurrySetSessionReportsOnPauseEnabled
                0x0000237c       0x24 debug\Flurry.os
                0x0000237c                s3eFlurrySetSessionReportsOnPauseEnabled
 .text._Z17FlurryRegisterExtv
                0x000023a0      0x1d4 debug\Flurry_register.os
                0x000023a0                FlurryRegisterExt()
 .text.RegisterExt
                0x00002574        0xc debug\Flurry_register.os
                0x00002574                RegisterExt
 .text.IwDebugTraceIsChannelOn
                0x00002580      0x27c C:\marmalade\7.5\s3e\edk\lib\android/libedk.a(IwDebug.o)
                0x00002580                IwDebugTraceIsChannelOn
 .text.IwDebugTraceSetTraceChannel
                0x000027fc       0x1c C:\marmalade\7.5\s3e\edk\lib\android/libedk.a(IwDebug.o)
                0x000027fc                IwDebugTraceSetTraceChannel
 .text.IwDebugTraceLineVPrintf
                0x00002818       0xfc C:\marmalade\7.5\s3e\edk\lib\android/libedk.a(IwDebug.o)
                0x00002818                IwDebugTraceLineVPrintf
 .text.IwDebugTraceLinePrintf
                0x00002914       0x30 C:\marmalade\7.5\s3e\edk\lib\android/libedk.a(IwDebug.o)
                0x00002914                IwDebugTraceLinePrintf
 .text.s3eEdkThreadRunOnOS
                0x00002944       0x30 C:\marmalade\7.5\s3e\edk\lib\android/libedk.a(edk_helpers.o)
                0x00002944                s3eEdkThreadRunOnOS
 .text          0x00002974       0x44 c:/software/android-ndk-r10d/toolchains/arm-linux-androideabi-4.8/prebuilt/windows/bin/../lib/gcc/arm-linux-androideabi/4.8/libgcc.a(_aeabi_ldivmod.o)
                0x00002974                __aeabi_ldivmod
 .text          0x000029b8       0x10 c:/software/android-ndk-r10d/toolchains/arm-linux-androideabi-4.8/prebuilt/windows/bin/../lib/gcc/arm-linux-androideabi/4.8/libgcc.a(_dvmd_lnx.o)
                0x000029b8                __aeabi_idiv0
                0x000029b8                __aeabi_ldiv0
 .text          0x000029c8       0x78 c:/software/android-ndk-r10d/toolchains/arm-linux-androideabi-4.8/prebuilt/windows/bin/../lib/gcc/arm-linux-androideabi/4.8/libgcc.a(bpabi.o)
                0x000029c8                __gnu_ldivmod_helper
                0x00002a04                __gnu_uldivmod_helper
 .text          0x00002a40      0xeec c:/software/android-ndk-r10d/toolchains/arm-linux-androideabi-4.8/prebuilt/windows/bin/../lib/gcc/arm-linux-androideabi/4.8/libgcc.a(unwind-arm.o)
                0x000035bc                __aeabi_unwind_cpp_pr0
                0x000035c4                __aeabi_unwind_cpp_pr1
                0x000035cc                __aeabi_unwind_cpp_pr2
                0x00002e78                _Unwind_GetCFA
                0x00002e80                __gnu_Unwind_RaiseException
                0x00002f24                __gnu_Unwind_ForcedUnwind
                0x00002f40                __gnu_Unwind_Resume
                0x00002fb4                __gnu_Unwind_Resume_or_Rethrow
                0x00002fd4                _Unwind_Complete
                0x00002fd8                _Unwind_DeleteException
                0x00002ff8                _Unwind_VRS_Get
                0x0000307c                _Unwind_VRS_Set
                0x00003104                __gnu_Unwind_Backtrace
                0x000035d4                _Unwind_VRS_Pop
 .text          0x0000392c      0x1a8 c:/software/android-ndk-r10d/toolchains/arm-linux-androideabi-4.8/prebuilt/windows/bin/../lib/gcc/arm-linux-androideabi/4.8/libgcc.a(libunwind.o)
                0x0000392c                __restore_core_regs
                0x0000392c                restore_core_regs
                0x00003940                __gnu_Unwind_Restore_VFP
                0x00003948                __gnu_Unwind_Save_VFP
                0x00003950                __gnu_Unwind_Restore_VFP_D
                0x00003958                __gnu_Unwind_Save_VFP_D
                0x00003960                __gnu_Unwind_Restore_VFP_D_16_to_31
                0x00003968                __gnu_Unwind_Save_VFP_D_16_to_31
                0x00003970                __gnu_Unwind_Restore_WMMXD
                0x000039b4                __gnu_Unwind_Save_WMMXD
                0x000039f8                __gnu_Unwind_Restore_WMMXC
                0x00003a0c                __gnu_Unwind_Save_WMMXC
                0x00003a20                ___Unwind_RaiseException
                0x00003a20                _Unwind_RaiseException
                0x00003a44                ___Unwind_Resume
                0x00003a44                _Unwind_Resume
                0x00003a68                ___Unwind_Resume_or_Rethrow
                0x00003a68                _Unwind_Resume_or_Rethrow
                0x00003a8c                ___Unwind_ForcedUnwind
                0x00003a8c                _Unwind_ForcedUnwind
                0x00003ab0                ___Unwind_Backtrace
                0x00003ab0                _Unwind_Backtrace
 .text          0x00003ad4      0x484 c:/software/android-ndk-r10d/toolchains/arm-linux-androideabi-4.8/prebuilt/windows/bin/../lib/gcc/arm-linux-androideabi/4.8/libgcc.a(pr-support.o)
                0x00003b60                __gnu_unwind_execute
                0x00003edc                __gnu_unwind_frame
                0x00003f1c                _Unwind_GetRegionStart
                0x00003f2c                _Unwind_GetLanguageSpecificData
                0x00003f48                _Unwind_GetDataRelBase
                0x00003f50                _Unwind_GetTextRelBase
 .text          0x00003f58      0x498 c:/software/android-ndk-r10d/toolchains/arm-linux-androideabi-4.8/prebuilt/windows/bin/../lib/gcc/arm-linux-androideabi/4.8/libgcc.a(_divdi3.o)
                0x00003f58                __divdi3
 .text          0x000043f0      0x404 c:/software/android-ndk-r10d/toolchains/arm-linux-androideabi-4.8/prebuilt/windows/bin/../lib/gcc/arm-linux-androideabi/4.8/libgcc.a(_udivdi3.o)
                0x000043f0                __udivdi3
 .text          0xffffffffffffffff       0xc8 c:/software/android-ndk-r10d/toolchains/arm-linux-androideabi-4.8/prebuilt/windows/bin/../lib/gcc/arm-linux-androideabi/4.8/libgcc.a(_udivsi3.o)
                0x000047f4                __udivsi3
                0x000047f4                __aeabi_uidiv
                0x0000489c                __aeabi_uidivmod

.rodata         0x000048bc      0x372
 .rodata        0x000048bc      0x24c debug\Flurry_platform.os
 .rodata        0x00004b08        0xc debug\Flurry_register.os
 ** merge strings
                0x00004b14      0x11a

.ARM.extab      0x00004c30       0x48
 .ARM.extab     0x00004c30        0xc c:/software/android-ndk-r10d/toolchains/arm-linux-androideabi-4.8/prebuilt/windows/bin/../lib/gcc/arm-linux-androideabi/4.8/libgcc.a(_dvmd_lnx.o)
 .ARM.extab     0x00004c3c        0xc c:/software/android-ndk-r10d/toolchains/arm-linux-androideabi-4.8/prebuilt/windows/bin/../lib/gcc/arm-linux-androideabi/4.8/libgcc.a(unwind-arm.o)
 .ARM.extab     0x00004c48       0x30 c:/software/android-ndk-r10d/toolchains/arm-linux-androideabi-4.8/prebuilt/windows/bin/../lib/gcc/arm-linux-androideabi/4.8/libgcc.a(pr-support.o)

.ARM.exidx      0x00004c78      0x128
 .ARM.exidx     0x00004c78        0x8 c:/software/android-ndk-r10d/toolchains/arm-linux-androideabi-4.8/prebuilt/windows/bin/../lib/gcc/arm-linux-androideabi/4.8/libgcc.a(_dvmd_lnx.o)
 .ARM.exidx     0xffffffffffffffff       0x10 c:/software/android-ndk-r10d/toolchains/arm-linux-androideabi-4.8/prebuilt/windows/bin/../lib/gcc/arm-linux-androideabi/4.8/libgcc.a(bpabi.o)
 .ARM.exidx     0xffffffffffffffff       0xd8 c:/software/android-ndk-r10d/toolchains/arm-linux-androideabi-4.8/prebuilt/windows/bin/../lib/gcc/arm-linux-androideabi/4.8/libgcc.a(unwind-arm.o)
 ** ARM cantunwind
                0x00004d38        0x8
 .ARM.exidx     0x00004d40       0x48 c:/software/android-ndk-r10d/toolchains/arm-linux-androideabi-4.8/prebuilt/windows/bin/../lib/gcc/arm-linux-androideabi/4.8/libgcc.a(pr-support.o)
 .ARM.exidx     0x00004d88        0x8 c:/software/android-ndk-r10d/toolchains/arm-linux-androideabi-4.8/prebuilt/windows/bin/../lib/gcc/arm-linux-androideabi/4.8/libgcc.a(_divdi3.o)
 .ARM.exidx     0x00004d90        0x8 c:/software/android-ndk-r10d/toolchains/arm-linux-androideabi-4.8/prebuilt/windows/bin/../lib/gcc/arm-linux-androideabi/4.8/libgcc.a(_udivdi3.o)
 ** ARM cantunwind
                0x00004d98        0x8

.fini_array     0x00005e5c        0x8
 .fini_array    0x00005e5c        0x4 C:/software/android-ndk-r10d/platforms/android-14/arch-arm/usr/lib/crtbegin_so.o
 .fini_array    0x00005e60        0x4 C:/software/android-ndk-r10d/platforms/android-14/arch-arm/usr/lib/crtend_so.o

.init_array     0x00005e64        0x8
 .init_array    0x00005e64        0x4 C:\marmalade\7.5\s3e\edk\lib\android/libedk.a(IwDebug.o)
 .init_array    0x00005e68        0x4 C:/software/android-ndk-r10d/platforms/android-14/arch-arm/usr/lib/crtend_so.o

.dynamic        0x00005e6c       0xe0
 ** dynamic     0x00005e6c       0xe0

.got            0x00005f4c       0xb4
 ** GOT         0x00005f4c       0x58
 ** GOT PLT     0x00005fa4       0x5c

.data           0x00006000        0x4
 .data          0x00006000        0x4 C:/software/android-ndk-r10d/platforms/android-14/arch-arm/usr/lib/crtbegin_so.o
                0x00006000                __dso_handle

.bss            0x00006004     0x1a60
 .bss           0x00006004       0x38 debug\Flurry_platform.os
 .bss           0x0000603c     0x1a28 C:\marmalade\7.5\s3e\edk\lib\android/libedk.a(IwDebug.o)
                0x0000603c                g_DebugGlobals
