Archive member included because of file (symbol)

E:\marmalade\6.2\s3e\edk\lib\android\libedk.a(edk_helpers.o)
                              release\Flurry_platform.os (s3eEdkThreadRunOnOS)
e:/Program Files/Android/android-ndk/toolchains/arm-linux-androideabi-4.4.3/prebuilt/windows/bin/../lib/gcc/arm-linux-androideabi/4.4.3\libgcc.a(unwind-arm.o)
                              e:/Program Files/Android/android-ndk/platforms/android-9/arch-arm/usr/lib/crtbegin_so.o (__aeabi_unwind_cpp_pr0)
e:/Program Files/Android/android-ndk/toolchains/arm-linux-androideabi-4.4.3/prebuilt/windows/bin/../lib/gcc/arm-linux-androideabi/4.4.3\libgcc.a(libunwind.o)
                              e:/Program Files/Android/android-ndk/toolchains/arm-linux-androideabi-4.4.3/prebuilt/windows/bin/../lib/gcc/arm-linux-androideabi/4.4.3\libgcc.a(unwind-arm.o) (restore_core_regs)
e:/Program Files/Android/android-ndk/toolchains/arm-linux-androideabi-4.4.3/prebuilt/windows/bin/../lib/gcc/arm-linux-androideabi/4.4.3\libgcc.a(pr-support.o)
                              e:/Program Files/Android/android-ndk/toolchains/arm-linux-androideabi-4.4.3/prebuilt/windows/bin/../lib/gcc/arm-linux-androideabi/4.4.3\libgcc.a(unwind-arm.o) (__gnu_unwind_execute)

Discarded input sections

 .ARM.extab     0x00000000        0x0 e:/Program Files/Android/android-ndk/platforms/android-9/arch-arm/usr/lib/crtbegin_so.o
 .bss           0x00000000        0x0 e:/Program Files/Android/android-ndk/platforms/android-9/arch-arm/usr/lib/crtbegin_so.o
 .note.GNU-stack
                0x00000000        0x0 e:/Program Files/Android/android-ndk/platforms/android-9/arch-arm/usr/lib/crtbegin_so.o
 _ZN7_JNIEnv11GetMethodIDEP7_jclassPKcS3_
                0x00000000        0x0 release\Flurry_platform.os
 _ZN7_JNIEnv14CallVoidMethodEP8_jobjectP10_jmethodIDz
                0x00000000        0x0 release\Flurry_platform.os
 _ZN7_JNIEnv9NewObjectEP7_jclassP10_jmethodIDz
                0x00000000        0x0 release\Flurry_platform.os
 .text          0x00000000        0x0 release\Flurry_platform.os
 .data          0x00000000        0x0 release\Flurry_platform.os
 .note.GNU-stack
                0x00000000        0x0 release\Flurry_platform.os
 .text          0x00000000        0x0 release\Flurry.os
 .data          0x00000000        0x0 release\Flurry.os
 .bss           0x00000000        0x0 release\Flurry.os
 .note.GNU-stack
                0x00000000        0x0 release\Flurry.os
 .text          0x00000000        0x0 release\Flurry_register.os
 .data          0x00000000        0x0 release\Flurry_register.os
 .bss           0x00000000        0x0 release\Flurry_register.os
 .text._Z17FlurryRegisterExtv
                0x00000000        0x0 release\Flurry_register.os
 .note.GNU-stack
                0x00000000        0x0 release\Flurry_register.os
 .text          0x00000000        0x0 E:\marmalade\6.2\s3e\edk\lib\android\libedk.a(edk_helpers.o)
 .data          0x00000000        0x0 E:\marmalade\6.2\s3e\edk\lib\android\libedk.a(edk_helpers.o)
 .bss           0x00000000        0x0 E:\marmalade\6.2\s3e\edk\lib\android\libedk.a(edk_helpers.o)
 .text.s3eEdkThreadRunOnOSAsync
                0x00000000        0x0 E:\marmalade\6.2\s3e\edk\lib\android\libedk.a(edk_helpers.o)
 .text.s3eEdkErrorSetString
                0x00000000        0x0 E:\marmalade\6.2\s3e\edk\lib\android\libedk.a(edk_helpers.o)
 .note.GNU-stack
                0x00000000        0x0 E:\marmalade\6.2\s3e\edk\lib\android\libedk.a(edk_helpers.o)
 .data          0x00000000        0x0 e:/Program Files/Android/android-ndk/toolchains/arm-linux-androideabi-4.4.3/prebuilt/windows/bin/../lib/gcc/arm-linux-androideabi/4.4.3\libgcc.a(unwind-arm.o)
 .bss           0x00000000        0x0 e:/Program Files/Android/android-ndk/toolchains/arm-linux-androideabi-4.4.3/prebuilt/windows/bin/../lib/gcc/arm-linux-androideabi/4.4.3\libgcc.a(unwind-arm.o)
 .note.GNU-stack
                0x00000000        0x0 e:/Program Files/Android/android-ndk/toolchains/arm-linux-androideabi-4.4.3/prebuilt/windows/bin/../lib/gcc/arm-linux-androideabi/4.4.3\libgcc.a(unwind-arm.o)
 .data          0x00000000        0x0 e:/Program Files/Android/android-ndk/toolchains/arm-linux-androideabi-4.4.3/prebuilt/windows/bin/../lib/gcc/arm-linux-androideabi/4.4.3\libgcc.a(libunwind.o)
 .bss           0x00000000        0x0 e:/Program Files/Android/android-ndk/toolchains/arm-linux-androideabi-4.4.3/prebuilt/windows/bin/../lib/gcc/arm-linux-androideabi/4.4.3\libgcc.a(libunwind.o)
 .note.GNU-stack
                0x00000000        0x0 e:/Program Files/Android/android-ndk/toolchains/arm-linux-androideabi-4.4.3/prebuilt/windows/bin/../lib/gcc/arm-linux-androideabi/4.4.3\libgcc.a(libunwind.o)
 .data          0x00000000        0x0 e:/Program Files/Android/android-ndk/toolchains/arm-linux-androideabi-4.4.3/prebuilt/windows/bin/../lib/gcc/arm-linux-androideabi/4.4.3\libgcc.a(pr-support.o)
 .bss           0x00000000        0x0 e:/Program Files/Android/android-ndk/toolchains/arm-linux-androideabi-4.4.3/prebuilt/windows/bin/../lib/gcc/arm-linux-androideabi/4.4.3\libgcc.a(pr-support.o)
 .ARM.extab     0x00000000        0x0 e:/Program Files/Android/android-ndk/toolchains/arm-linux-androideabi-4.4.3/prebuilt/windows/bin/../lib/gcc/arm-linux-androideabi/4.4.3\libgcc.a(pr-support.o)
 .note.GNU-stack
                0x00000000        0x0 e:/Program Files/Android/android-ndk/toolchains/arm-linux-androideabi-4.4.3/prebuilt/windows/bin/../lib/gcc/arm-linux-androideabi/4.4.3\libgcc.a(pr-support.o)
 .text          0x00000000        0x0 e:/Program Files/Android/android-ndk/platforms/android-9/arch-arm/usr/lib/crtend_so.o
 .data          0x00000000        0x0 e:/Program Files/Android/android-ndk/platforms/android-9/arch-arm/usr/lib/crtend_so.o
 .bss           0x00000000        0x0 e:/Program Files/Android/android-ndk/platforms/android-9/arch-arm/usr/lib/crtend_so.o
 .note.GNU-stack
                0x00000000        0x0 e:/Program Files/Android/android-ndk/platforms/android-9/arch-arm/usr/lib/crtend_so.o

Memory Configuration

Name             Origin             Length             Attributes
*default*        0x00000000         0xffffffff

Linker script and memory map

LOAD e:/Program Files/Android/android-ndk/platforms/android-9/arch-arm/usr/lib/crtbegin_so.o
LOAD release\Flurry_platform.os
LOAD release\Flurry.os
LOAD release\Flurry_register.os
LOAD E:\marmalade\6.2\s3e\edk\lib\android\libedk.a
LOAD E:\marmalade\6.2\s3e\edk\lib\android/libplaceholderplaceholderplaceholderplaceholderplaceholder.so
LOAD E:\Program Files\Android\android-ndk\platforms\android-9\arch-arm\usr\lib/liblog.so
LOAD E:\Program Files\Android\android-ndk\sources\cxx-stl\gnu-libstdc++\4.4.3\libs\armeabi\libgnustl_static.a
LOAD e:/Program Files/Android/android-ndk/toolchains/arm-linux-androideabi-4.4.3/prebuilt/windows/bin/../lib/gcc/arm-linux-androideabi/4.4.3\libgcc.a
LOAD E:\Program Files\Android\android-ndk\platforms\android-9\arch-arm\usr\lib/libstdc++.so
LOAD E:\Program Files\Android\android-ndk\platforms\android-9\arch-arm\usr\lib/libm.so
LOAD E:\Program Files\Android\android-ndk\platforms\android-9\arch-arm\usr\lib/libc.so
LOAD e:/Program Files/Android/android-ndk/toolchains/arm-linux-androideabi-4.4.3/prebuilt/windows/bin/../lib/gcc/arm-linux-androideabi/4.4.3\libgcc.a
LOAD E:\Program Files\Android\android-ndk\platforms\android-9\arch-arm\usr\lib/libc.so
LOAD E:\Program Files\Android\android-ndk\platforms\android-9\arch-arm\usr\lib/libdl.so
LOAD e:/Program Files/Android/android-ndk/toolchains/arm-linux-androideabi-4.4.3/prebuilt/windows/bin/../lib/gcc/arm-linux-androideabi/4.4.3\libgcc.a
LOAD e:/Program Files/Android/android-ndk/platforms/android-9/arch-arm/usr/lib/crtend_so.o
                0x000000f4                . = (0x0 + SIZEOF_HEADERS)

.note.gnu.build-id
 *(.note.gnu.build-id)

.hash           0x000000f4      0x230
 *(.hash)
 .hash          0x000000f4      0x230 e:/Program Files/Android/android-ndk/platforms/android-9/arch-arm/usr/lib/crtbegin_so.o

.gnu.hash
 *(.gnu.hash)

.dynsym         0x00000324      0x470
 *(.dynsym)
 .dynsym        0x00000324      0x470 e:/Program Files/Android/android-ndk/platforms/android-9/arch-arm/usr/lib/crtbegin_so.o

.dynstr         0x00000794      0x4f8
 *(.dynstr)
 .dynstr        0x00000794      0x4f8 e:/Program Files/Android/android-ndk/platforms/android-9/arch-arm/usr/lib/crtbegin_so.o

.gnu.version    0x00000c8c        0x0
 *(.gnu.version)
 .gnu.version   0x00000000        0x0 e:/Program Files/Android/android-ndk/platforms/android-9/arch-arm/usr/lib/crtbegin_so.o

.gnu.version_d  0x00000c8c        0x0
 *(.gnu.version_d)
 .gnu.version_d
                0x00000000        0x0 e:/Program Files/Android/android-ndk/platforms/android-9/arch-arm/usr/lib/crtbegin_so.o

.gnu.version_r  0x00000c8c        0x0
 *(.gnu.version_r)
 .gnu.version_r
                0x00000000        0x0 e:/Program Files/Android/android-ndk/platforms/android-9/arch-arm/usr/lib/crtbegin_so.o

.rel.dyn        0x00000c8c       0xd0
 *(.rel.init)
 *(.rel.text .rel.text.* .rel.gnu.linkonce.t.*)
 .rel.text      0x00000c8c       0x10 e:/Program Files/Android/android-ndk/platforms/android-9/arch-arm/usr/lib/crtbegin_so.o
 *(.rel.fini)
 *(.rel.rodata .rel.rodata.* .rel.gnu.linkonce.r.*)
 *(.rel.data.rel.ro* .rel.gnu.linkonce.d.rel.ro.*)
 *(.rel.data .rel.data.* .rel.gnu.linkonce.d.*)
 .rel.data      0x00000c9c        0x8 e:/Program Files/Android/android-ndk/platforms/android-9/arch-arm/usr/lib/crtbegin_so.o
 *(.rel.tdata .rel.tdata.* .rel.gnu.linkonce.td.*)
 *(.rel.tbss .rel.tbss.* .rel.gnu.linkonce.tb.*)
 *(.rel.ctors)
 *(.rel.dtors)
 *(.rel.got)
 .rel.got       0x00000ca4       0xb0 e:/Program Files/Android/android-ndk/platforms/android-9/arch-arm/usr/lib/crtbegin_so.o
 *(.rel.bss .rel.bss.* .rel.gnu.linkonce.b.*)
 .rel.fini_array
                0x00000d54        0x8 e:/Program Files/Android/android-ndk/platforms/android-9/arch-arm/usr/lib/crtbegin_so.o

.rela.dyn
 *(.rela.init)
 *(.rela.text .rela.text.* .rela.gnu.linkonce.t.*)
 *(.rela.fini)
 *(.rela.rodata .rela.rodata.* .rela.gnu.linkonce.r.*)
 *(.rela.data .rela.data.* .rela.gnu.linkonce.d.*)
 *(.rela.tdata .rela.tdata.* .rela.gnu.linkonce.td.*)
 *(.rela.tbss .rela.tbss.* .rela.gnu.linkonce.tb.*)
 *(.rela.ctors)
 *(.rela.dtors)
 *(.rela.got)
 *(.rela.bss .rela.bss.* .rela.gnu.linkonce.b.*)

.rel.plt        0x00000d5c       0x50
 *(.rel.plt)
 .rel.plt       0x00000d5c       0x50 e:/Program Files/Android/android-ndk/platforms/android-9/arch-arm/usr/lib/crtbegin_so.o

.rela.plt
 *(.rela.plt)

.init
 *(.init)

.plt            0x00000dac       0x8c
 *(.plt)
 .plt           0x00000dac       0x8c e:/Program Files/Android/android-ndk/platforms/android-9/arch-arm/usr/lib/crtbegin_so.o

.text           0x00000e38     0x22a0
 *(.text .stub .text.* .gnu.linkonce.t.*)
 .text          0x00000e38       0x28 e:/Program Files/Android/android-ndk/platforms/android-9/arch-arm/usr/lib/crtbegin_so.o
                0x00000e48                atexit
 .text._ZN7_JNIEnv11GetMethodIDEP7_jclassPKcS3_
                0x00000e60       0x14 release\Flurry_platform.os
                0x00000e60                _JNIEnv::GetMethodID(_jclass*, char const*, char const*)
 .text._Z24FlurryTerminate_platformv
                0x00000e74        0x4 release\Flurry_platform.os
                0x00000e74                FlurryTerminate_platform()
 .text._ZN7_JNIEnv14CallVoidMethodEP8_jobjectP10_jmethodIDz
                0x00000e78       0x34 release\Flurry_platform.os
                0x00000e78                _JNIEnv::CallVoidMethod(_jobject*, _jmethodID*, ...)
 .text._ZN7_JNIEnv9NewObjectEP7_jclassP10_jmethodIDz
                0x00000eac       0x34 release\Flurry_platform.os
                0x00000eac                _JNIEnv::NewObject(_jclass*, _jmethodID*, ...)
 .text._Z19FlurryInit_platformv
                0x00000ee0      0x3b4 release\Flurry_platform.os
                0x00000ee0                FlurryInit_platform()
 .text._Z49s3eFlurrySetSessionReportsOnPauseEnabled_platformh
                0x00001294       0x58 release\Flurry_platform.os
                0x00001294                s3eFlurrySetSessionReportsOnPauseEnabled_platform(unsigned char)
 .text._Z49s3eFlurrySetSessionReportsOnCloseEnabled_platformh
                0x000012ec       0x58 release\Flurry_platform.os
                0x000012ec                s3eFlurrySetSessionReportsOnCloseEnabled_platform(unsigned char)
 .text._Z31s3eFlurryCountPageView_platformv
                0x00001344       0x50 release\Flurry_platform.os
                0x00001344                s3eFlurryCountPageView_platform()
 .text._Z24s3eFlurrySetAge_platformi
                0x00001394       0x58 release\Flurry_platform.os
                0x00001394                s3eFlurrySetAge_platform(int)
 .text._Z28s3eFlurryEndSession_platformv
                0x000013ec       0x50 release\Flurry_platform.os
                0x000013ec                s3eFlurryEndSession_platform()
 .text._Z27s3eFlurrySetUserID_platformPKc
                0x0000143c       0x88 release\Flurry_platform.os
                0x0000143c                s3eFlurrySetUserID_platform(char const*)
 .text._Z31s3eFlurryLogEventTimed_platformPKc
                0x000014c4       0x88 release\Flurry_platform.os
                0x000014c4                s3eFlurryLogEventTimed_platform(char const*)
 .text._Z26s3eFlurryLogEvent_platformPKc
                0x0000154c       0x88 release\Flurry_platform.os
                0x0000154c                s3eFlurryLogEvent_platform(char const*)
 .text._Z30s3eFlurryStartSession_platformPKc
                0x000015d4       0x88 release\Flurry_platform.os
                0x000015d4                s3eFlurryStartSession_platform(char const*)
 .text._Z26s3eFlurryLogError_platformPKcS0_
                0x0000165c       0xbc release\Flurry_platform.os
                0x0000165c                s3eFlurryLogError_platform(char const*, char const*)
 .text._Z31s3eFlurryEndTimedEvent_platformPKcS0_
                0x00001718       0xbc release\Flurry_platform.os
                0x00001718                s3eFlurryEndTimedEvent_platform(char const*, char const*)
 .text._Z37s3eFlurryLogEventParamsTimed_platformPKcS0_
                0x000017d4       0xbc release\Flurry_platform.os
                0x000017d4                s3eFlurryLogEventParamsTimed_platform(char const*, char const*)
 .text._Z32s3eFlurryLogEventParams_platformPKcS0_
                0x00001890       0xbc release\Flurry_platform.os
                0x00001890                s3eFlurryLogEventParams_platform(char const*, char const*)
 .text._ZL27s3eEdkAndroidFindClass_realPKc
                0x0000194c       0xb8 release\Flurry_platform.os
 .text.s3eFlurrySetSessionReportsOnPauseEnabled
                0x00001a04        0x4 release\Flurry.os
                0x00001a04                s3eFlurrySetSessionReportsOnPauseEnabled
 .text.s3eFlurrySetSessionReportsOnCloseEnabled
                0x00001a08        0x4 release\Flurry.os
                0x00001a08                s3eFlurrySetSessionReportsOnCloseEnabled
 .text.s3eFlurryCountPageView
                0x00001a0c        0x4 release\Flurry.os
                0x00001a0c                s3eFlurryCountPageView
 .text.s3eFlurrySetAge
                0x00001a10        0x4 release\Flurry.os
                0x00001a10                s3eFlurrySetAge
 .text.s3eFlurrySetUserID
                0x00001a14        0x4 release\Flurry.os
                0x00001a14                s3eFlurrySetUserID
 .text.s3eFlurryLogError
                0x00001a18        0x4 release\Flurry.os
                0x00001a18                s3eFlurryLogError
 .text.s3eFlurryEndTimedEvent
                0x00001a1c        0x4 release\Flurry.os
                0x00001a1c                s3eFlurryEndTimedEvent
 .text.s3eFlurryLogEventParamsTimed
                0x00001a20        0x4 release\Flurry.os
                0x00001a20                s3eFlurryLogEventParamsTimed
 .text.s3eFlurryLogEventParams
                0x00001a24        0x4 release\Flurry.os
                0x00001a24                s3eFlurryLogEventParams
 .text.s3eFlurryLogEventTimed
                0x00001a28        0x4 release\Flurry.os
                0x00001a28                s3eFlurryLogEventTimed
 .text.s3eFlurryLogEvent
                0x00001a2c        0x4 release\Flurry.os
                0x00001a2c                s3eFlurryLogEvent
 .text.s3eFlurryEndSession
                0x00001a30        0x4 release\Flurry.os
                0x00001a30                s3eFlurryEndSession
 .text.s3eFlurryStartSession
                0x00001a34        0x4 release\Flurry.os
                0x00001a34                s3eFlurryStartSession
 .text._Z15FlurryTerminatev
                0x00001a38        0x4 release\Flurry.os
                0x00001a38                FlurryTerminate()
 .text._Z10FlurryInitv
                0x00001a3c        0x4 release\Flurry.os
                0x00001a3c                FlurryInit()
 .text.RegisterExt
                0x00001a40      0x178 release\Flurry_register.os
                0x00001a40                RegisterExt
 .text.s3eEdkThreadRunOnOS
                0x00001bb8       0x30 E:\marmalade\6.2\s3e\edk\lib\android\libedk.a(edk_helpers.o)
                0x00001bb8                s3eEdkThreadRunOnOS
 .text          0x00001be8      0xec4 e:/Program Files/Android/android-ndk/toolchains/arm-linux-androideabi-4.4.3/prebuilt/windows/bin/../lib/gcc/arm-linux-androideabi/4.4.3\libgcc.a(unwind-arm.o)
                0x00002610                __gnu_Unwind_RaiseException
                0x00002168                __aeabi_unwind_cpp_pr0
                0x00001c98                _Unwind_GetCFA
                0x00001c34                _Unwind_VRS_Set
                0x000023ac                __gnu_Unwind_Backtrace
                0x00002740                _Unwind_VRS_Pop
                0x00002158                __aeabi_unwind_cpp_pr2
                0x00001ca4                _Unwind_DeleteException
                0x00001ca0                _Unwind_Complete
                0x000026d4                __gnu_Unwind_Resume
                0x0000259c                __gnu_Unwind_ForcedUnwind
                0x000026b4                __gnu_Unwind_Resume_or_Rethrow
                0x00001be8                _Unwind_VRS_Get
                0x00002160                __aeabi_unwind_cpp_pr1
 .text          0x00002aac      0x1a8 e:/Program Files/Android/android-ndk/toolchains/arm-linux-androideabi-4.4.3/prebuilt/windows/bin/../lib/gcc/arm-linux-androideabi/4.4.3\libgcc.a(libunwind.o)
                0x00002c0c                ___Unwind_ForcedUnwind
                0x00002ac8                __gnu_Unwind_Save_VFP
                0x00002be8                _Unwind_Resume_or_Rethrow
                0x00002be8                ___Unwind_Resume_or_Rethrow
                0x00002c30                _Unwind_Backtrace
                0x00002aac                __restore_core_regs
                0x00002ae8                __gnu_Unwind_Save_VFP_D_16_to_31
                0x00002ad8                __gnu_Unwind_Save_VFP_D
                0x00002c30                ___Unwind_Backtrace
                0x00002ba0                ___Unwind_RaiseException
                0x00002bc4                ___Unwind_Resume
                0x00002af0                __gnu_Unwind_Restore_WMMXD
                0x00002ac0                __gnu_Unwind_Restore_VFP
                0x00002bc4                _Unwind_Resume
                0x00002ad0                __gnu_Unwind_Restore_VFP_D
                0x00002ae0                __gnu_Unwind_Restore_VFP_D_16_to_31
                0x00002ba0                _Unwind_RaiseException
                0x00002aac                restore_core_regs
                0x00002b8c                __gnu_Unwind_Save_WMMXC
                0x00002b78                __gnu_Unwind_Restore_WMMXC
                0x00002c0c                _Unwind_ForcedUnwind
                0x00002b34                __gnu_Unwind_Save_WMMXD
 .text          0x00002c54      0x484 e:/Program Files/Android/android-ndk/toolchains/arm-linux-androideabi-4.4.3/prebuilt/windows/bin/../lib/gcc/arm-linux-androideabi/4.4.3\libgcc.a(pr-support.o)
                0x00002cf4                _Unwind_GetRegionStart
                0x00002d20                __gnu_unwind_execute
                0x00002cac                _Unwind_GetTextRelBase
                0x00002cbc                _Unwind_GetLanguageSpecificData
                0x00003098                __gnu_unwind_frame
                0x00002cb4                _Unwind_GetDataRelBase
 *(.gnu.warning)
 *(.glue_7t)
 .glue_7t       0x00000000        0x0 linker stubs
 *(.glue_7)
 .glue_7        0x00000000        0x0 linker stubs
 *(.vfp11_veneer)
 .vfp11_veneer  0x00000000        0x0 linker stubs
 *(.v4_bx)
 .v4_bx         0x00000000        0x0 linker stubs

.fini
 *(.fini)
                0x000030d8                PROVIDE (__etext, .)
                0x000030d8                PROVIDE (_etext, .)
                0x000030d8                PROVIDE (etext, .)

.rodata         0x000030d8      0x1b4
 *(.rodata .rodata.* .gnu.linkonce.r.*)
 .rodata.str1.4
                0x000030d8      0x1b4 release\Flurry_platform.os
 .rodata.str1.4
                0x00000000        0x8 release\Flurry_register.os

.rodata1
 *(.rodata1)

.ARM.extab      0x0000328c       0x24
 *(.ARM.extab* .gnu.linkonce.armextab.*)
 .ARM.extab     0x0000328c       0x24 e:/Program Files/Android/android-ndk/toolchains/arm-linux-androideabi-4.4.3/prebuilt/windows/bin/../lib/gcc/arm-linux-androideabi/4.4.3\libgcc.a(unwind-arm.o)
                0x000032b0                __exidx_start = .

.ARM.exidx      0x000032b0       0xe0
 *(.ARM.exidx* .gnu.linkonce.armexidx.*)
 .ARM.exidx     0x000032b0        0x8 e:/Program Files/Android/android-ndk/platforms/android-9/arch-arm/usr/lib/crtbegin_so.o
 .ARM.exidx     0x000032b8       0xa0 e:/Program Files/Android/android-ndk/toolchains/arm-linux-androideabi-4.4.3/prebuilt/windows/bin/../lib/gcc/arm-linux-androideabi/4.4.3\libgcc.a(unwind-arm.o)
 .ARM.exidx     0x00003358       0x38 e:/Program Files/Android/android-ndk/toolchains/arm-linux-androideabi-4.4.3/prebuilt/windows/bin/../lib/gcc/arm-linux-androideabi/4.4.3\libgcc.a(pr-support.o)
                0x00003390                __exidx_end = .

.eh_frame_hdr
 *(.eh_frame_hdr)

.eh_frame
 *(.eh_frame)

.gcc_except_table
 *(.gcc_except_table .gcc_except_table.*)
                0x00003390                . = (ALIGN (0x1000) - ((0x1000 - .) & 0xfff))
                0x00004e80                . = (0x1000 DATA_SEGMENT_ALIGN 0x1000)

.eh_frame
 *(.eh_frame)

.gcc_except_table
 *(.gcc_except_table .gcc_except_table.*)

.tdata
 *(.tdata .tdata.* .gnu.linkonce.td.*)

.tbss
 *(.tbss .tbss.* .gnu.linkonce.tb.*)
 *(.tcommon)

.preinit_array
 *(.preinit_array)

.init_array     0x00004e80        0x8
 *(SORT(.init_array.*))
 *(.init_array)
 .init_array    0x00004e80        0x4 e:/Program Files/Android/android-ndk/platforms/android-9/arch-arm/usr/lib/crtbegin_so.o
                0x00004e80                __INIT_ARRAY__
 .init_array    0x00004e84        0x4 e:/Program Files/Android/android-ndk/platforms/android-9/arch-arm/usr/lib/crtend_so.o

.fini_array     0x00004e88        0xc
 *(.fini_array)
 .fini_array    0x00004e88        0x8 e:/Program Files/Android/android-ndk/platforms/android-9/arch-arm/usr/lib/crtbegin_so.o
                0x00004e88                __FINI_ARRAY__
 .fini_array    0x00004e90        0x4 e:/Program Files/Android/android-ndk/platforms/android-9/arch-arm/usr/lib/crtend_so.o
 *(SORT(.fini_array.*))

.ctors
 *crtbegin.o(.ctors)
 *crtbegin?.o(.ctors)
 *(EXCLUDE_FILE(*crtend?.o *crtend.o) .ctors)
 *(SORT(.ctors.*))
 *(.ctors)

.dtors
 *crtbegin.o(.dtors)
 *crtbegin?.o(.dtors)
 *(EXCLUDE_FILE(*crtend?.o *crtend.o) .dtors)
 *(SORT(.dtors.*))
 *(.dtors)

.jcr
 *(.jcr)

.data.rel.ro
 *(.data.rel.ro.local* .gnu.linkonce.d.rel.ro.local.*)
 *(.data.rel.ro* .gnu.linkonce.d.rel.ro.*)

.dynamic        0x00004e94       0xe0
 *(.dynamic)
 .dynamic       0x00004e94       0xe0 e:/Program Files/Android/android-ndk/platforms/android-9/arch-arm/usr/lib/crtbegin_so.o
                0x00004e94                _DYNAMIC

.got            0x00004f74       0x8c
 *(.got.plt)
 .got.plt       0x00004f74       0x34 e:/Program Files/Android/android-ndk/platforms/android-9/arch-arm/usr/lib/crtbegin_so.o
                0x00004f74                _GLOBAL_OFFSET_TABLE_
 *(.got)
 .got           0x00004fa8       0x58 e:/Program Files/Android/android-ndk/platforms/android-9/arch-arm/usr/lib/crtbegin_so.o
                0x00005000                . = (. DATA_SEGMENT_RELRO_END 0x0)

.data           0x00005000       0x10
                0x00005000                __data_start = .
 *(.data .data.* .gnu.linkonce.d.*)
 .data          0x00005000       0x10 e:/Program Files/Android/android-ndk/platforms/android-9/arch-arm/usr/lib/crtbegin_so.o
                0x00005000                __dso_handle

.data1
 *(.data1)
                0x00005010                _edata = .
                0x00005010                PROVIDE (edata, .)
                0x00005010                __bss_start = .
                0x00005010                __bss_start__ = .

.bss            0x00005010       0x38
 *(.dynbss)
 .dynbss        0x00000000        0x0 e:/Program Files/Android/android-ndk/platforms/android-9/arch-arm/usr/lib/crtbegin_so.o
 *(.bss .bss.* .gnu.linkonce.b.*)
 .bss           0x00005010       0x38 release\Flurry_platform.os
 *(COMMON)
                0x00005048                . = ALIGN ((. != 0x0)?0x4:0x1)
                0x00005048                _bss_end__ = .
                0x00005048                __bss_end__ = .
                0x00005048                . = ALIGN (0x4)
                0x00005048                . = ALIGN (0x4)
                0x00005048                __end__ = .
                0x00005048                _end = .
                0x00005048                PROVIDE (end, .)
                0x00005048                . = DATA_SEGMENT_END (.)

.stab
 *(.stab)

.stabstr
 *(.stabstr)

.stab.excl
 *(.stab.excl)

.stab.exclstr
 *(.stab.exclstr)

.stab.index
 *(.stab.index)

.stab.indexstr
 *(.stab.indexstr)

.comment        0x00000000       0x6c
 *(.comment)
 .comment       0x00000000       0x12 release\Flurry_platform.os
 .comment       0x00000012       0x12 release\Flurry.os
 .comment       0x00000024       0x12 release\Flurry_register.os
 .comment       0x00000036       0x12 E:\marmalade\6.2\s3e\edk\lib\android\libedk.a(edk_helpers.o)
 .comment       0x00000048       0x12 e:/Program Files/Android/android-ndk/toolchains/arm-linux-androideabi-4.4.3/prebuilt/windows/bin/../lib/gcc/arm-linux-androideabi/4.4.3\libgcc.a(unwind-arm.o)
 .comment       0x0000005a       0x12 e:/Program Files/Android/android-ndk/toolchains/arm-linux-androideabi-4.4.3/prebuilt/windows/bin/../lib/gcc/arm-linux-androideabi/4.4.3\libgcc.a(pr-support.o)

.debug
 *(.debug)

.line
 *(.line)

.debug_srcinfo
 *(.debug_srcinfo)

.debug_sfnames
 *(.debug_sfnames)

.debug_aranges  0x00000000       0x60
 *(.debug_aranges)
 .debug_aranges
                0x00000000       0x20 e:/Program Files/Android/android-ndk/toolchains/arm-linux-androideabi-4.4.3/prebuilt/windows/bin/../lib/gcc/arm-linux-androideabi/4.4.3\libgcc.a(unwind-arm.o)
 .debug_aranges
                0x00000020       0x20 e:/Program Files/Android/android-ndk/toolchains/arm-linux-androideabi-4.4.3/prebuilt/windows/bin/../lib/gcc/arm-linux-androideabi/4.4.3\libgcc.a(libunwind.o)
 .debug_aranges
                0x00000040       0x20 e:/Program Files/Android/android-ndk/toolchains/arm-linux-androideabi-4.4.3/prebuilt/windows/bin/../lib/gcc/arm-linux-androideabi/4.4.3\libgcc.a(pr-support.o)

.debug_pubnames
                0x00000000      0x22e
 *(.debug_pubnames)
 .debug_pubnames
                0x00000000      0x177 e:/Program Files/Android/android-ndk/toolchains/arm-linux-androideabi-4.4.3/prebuilt/windows/bin/../lib/gcc/arm-linux-androideabi/4.4.3\libgcc.a(unwind-arm.o)
 .debug_pubnames
                0x00000177       0xb7 e:/Program Files/Android/android-ndk/toolchains/arm-linux-androideabi-4.4.3/prebuilt/windows/bin/../lib/gcc/arm-linux-androideabi/4.4.3\libgcc.a(pr-support.o)

.debug_info     0x00000000     0x1b53
 *(.debug_info .gnu.linkonce.wi.*)
 .debug_info    0x00000000     0x1424 e:/Program Files/Android/android-ndk/toolchains/arm-linux-androideabi-4.4.3/prebuilt/windows/bin/../lib/gcc/arm-linux-androideabi/4.4.3\libgcc.a(unwind-arm.o)
 .debug_info    0x00001424       0xf9 e:/Program Files/Android/android-ndk/toolchains/arm-linux-androideabi-4.4.3/prebuilt/windows/bin/../lib/gcc/arm-linux-androideabi/4.4.3\libgcc.a(libunwind.o)
 .debug_info    0x0000151d      0x636 e:/Program Files/Android/android-ndk/toolchains/arm-linux-androideabi-4.4.3/prebuilt/windows/bin/../lib/gcc/arm-linux-androideabi/4.4.3\libgcc.a(pr-support.o)

.debug_abbrev   0x00000000      0x5ef
 *(.debug_abbrev)
 .debug_abbrev  0x00000000      0x3bb e:/Program Files/Android/android-ndk/toolchains/arm-linux-androideabi-4.4.3/prebuilt/windows/bin/../lib/gcc/arm-linux-androideabi/4.4.3\libgcc.a(unwind-arm.o)
 .debug_abbrev  0x000003bb       0x14 e:/Program Files/Android/android-ndk/toolchains/arm-linux-androideabi-4.4.3/prebuilt/windows/bin/../lib/gcc/arm-linux-androideabi/4.4.3\libgcc.a(libunwind.o)
 .debug_abbrev  0x000003cf      0x220 e:/Program Files/Android/android-ndk/toolchains/arm-linux-androideabi-4.4.3/prebuilt/windows/bin/../lib/gcc/arm-linux-androideabi/4.4.3\libgcc.a(pr-support.o)

.debug_line     0x00000000      0x795
 *(.debug_line)
 .debug_line    0x00000000      0x4d2 e:/Program Files/Android/android-ndk/toolchains/arm-linux-androideabi-4.4.3/prebuilt/windows/bin/../lib/gcc/arm-linux-androideabi/4.4.3\libgcc.a(unwind-arm.o)
 .debug_line    0x000004d2       0xf1 e:/Program Files/Android/android-ndk/toolchains/arm-linux-androideabi-4.4.3/prebuilt/windows/bin/../lib/gcc/arm-linux-androideabi/4.4.3\libgcc.a(libunwind.o)
 .debug_line    0x000005c3      0x1d2 e:/Program Files/Android/android-ndk/toolchains/arm-linux-androideabi-4.4.3/prebuilt/windows/bin/../lib/gcc/arm-linux-androideabi/4.4.3\libgcc.a(pr-support.o)

.debug_frame    0x00000000      0x350
 *(.debug_frame)
 .debug_frame   0x00000000      0x248 e:/Program Files/Android/android-ndk/toolchains/arm-linux-androideabi-4.4.3/prebuilt/windows/bin/../lib/gcc/arm-linux-androideabi/4.4.3\libgcc.a(unwind-arm.o)
 .debug_frame   0x00000248      0x108 e:/Program Files/Android/android-ndk/toolchains/arm-linux-androideabi-4.4.3/prebuilt/windows/bin/../lib/gcc/arm-linux-androideabi/4.4.3\libgcc.a(pr-support.o)

.debug_str      0x00000000      0x9c7
 *(.debug_str)
 .debug_str     0x00000000      0x884 e:/Program Files/Android/android-ndk/toolchains/arm-linux-androideabi-4.4.3/prebuilt/windows/bin/../lib/gcc/arm-linux-androideabi/4.4.3\libgcc.a(unwind-arm.o)
                                0x8f4 (size before relaxing)
 .debug_str     0x00000884      0x143 e:/Program Files/Android/android-ndk/toolchains/arm-linux-androideabi-4.4.3/prebuilt/windows/bin/../lib/gcc/arm-linux-androideabi/4.4.3\libgcc.a(pr-support.o)
                                0x45a (size before relaxing)

.debug_loc      0x00000000     0x12e8
 *(.debug_loc)
 .debug_loc     0x00000000      0xfef e:/Program Files/Android/android-ndk/toolchains/arm-linux-androideabi-4.4.3/prebuilt/windows/bin/../lib/gcc/arm-linux-androideabi/4.4.3\libgcc.a(unwind-arm.o)
 .debug_loc     0x00000fef      0x2f9 e:/Program Files/Android/android-ndk/toolchains/arm-linux-androideabi-4.4.3/prebuilt/windows/bin/../lib/gcc/arm-linux-androideabi/4.4.3\libgcc.a(pr-support.o)

.debug_macinfo
 *(.debug_macinfo)

.debug_weaknames
 *(.debug_weaknames)

.debug_funcnames
 *(.debug_funcnames)

.debug_typenames
 *(.debug_typenames)

.debug_varnames
 *(.debug_varnames)

.debug_pubtypes
 *(.debug_pubtypes)

.debug_ranges   0x00000000      0x228
 *(.debug_ranges)
 .debug_ranges  0x00000000      0x1f8 e:/Program Files/Android/android-ndk/toolchains/arm-linux-androideabi-4.4.3/prebuilt/windows/bin/../lib/gcc/arm-linux-androideabi/4.4.3\libgcc.a(unwind-arm.o)
 .debug_ranges  0x000001f8       0x30 e:/Program Files/Android/android-ndk/toolchains/arm-linux-androideabi-4.4.3/prebuilt/windows/bin/../lib/gcc/arm-linux-androideabi/4.4.3\libgcc.a(pr-support.o)

.gnu.attributes
 *(.gnu.attributes)

.note.gnu.arm.ident
 *(.note.gnu.arm.ident)

/DISCARD/
 *(.note.GNU-stack)
 *(.gnu_debuglink)
OUTPUT(E:\coolade-project\modules\Flurry\lib\android\libFlurry.so elf32-littlearm)

.ARM.attributes
                0x00000000       0x31
 .ARM.attributes
                0x00000000       0x2d e:/Program Files/Android/android-ndk/platforms/android-9/arch-arm/usr/lib/crtbegin_so.o
 .ARM.attributes
                0x0000002d       0x2b release\Flurry_platform.os
 .ARM.attributes
                0x00000058       0x2b release\Flurry.os
 .ARM.attributes
                0x00000083       0x2b release\Flurry_register.os
 .ARM.attributes
                0x000000ae       0x2b E:\marmalade\6.2\s3e\edk\lib\android\libedk.a(edk_helpers.o)
 .ARM.attributes
                0x000000d9       0x29 e:/Program Files/Android/android-ndk/toolchains/arm-linux-androideabi-4.4.3/prebuilt/windows/bin/../lib/gcc/arm-linux-androideabi/4.4.3\libgcc.a(unwind-arm.o)
 .ARM.attributes
                0x00000102       0x19 e:/Program Files/Android/android-ndk/toolchains/arm-linux-androideabi-4.4.3/prebuilt/windows/bin/../lib/gcc/arm-linux-androideabi/4.4.3\libgcc.a(libunwind.o)
 .ARM.attributes
                0x0000011b       0x29 e:/Program Files/Android/android-ndk/toolchains/arm-linux-androideabi-4.4.3/prebuilt/windows/bin/../lib/gcc/arm-linux-androideabi/4.4.3\libgcc.a(pr-support.o)
 .ARM.attributes
                0x00000144       0x1f e:/Program Files/Android/android-ndk/platforms/android-9/arch-arm/usr/lib/crtend_so.o
