Archive member included because of file (symbol)

C:\marmalade\7.5\s3e\edk\lib\android/libedk.a(edk_helpers.o)
                              release\Flurry_platform.os (s3eEdkThreadRunOnOS)

Discarded input sections

 .text          0x00000000       0x34 C:/software/android-ndk-r10d/platforms/android-14/arch-arm/usr/lib/crtbegin_so.o
 .bss           0x00000000        0x0 C:/software/android-ndk-r10d/platforms/android-14/arch-arm/usr/lib/crtbegin_so.o
 .note.GNU-stack
                0x00000000        0x0 C:/software/android-ndk-r10d/platforms/android-14/arch-arm/usr/lib/crtbegin_so.o
 .group         0x00000000        0x8 release\Flurry_platform.os
 .group         0x00000000        0x8 release\Flurry_platform.os
 .text          0x00000000        0x0 release\Flurry_platform.os
 .data          0x00000000        0x0 release\Flurry_platform.os
 .note.GNU-stack
                0x00000000        0x0 release\Flurry_platform.os
 .text          0x00000000        0x0 release\Flurry.os
 .data          0x00000000        0x0 release\Flurry.os
 .bss           0x00000000        0x0 release\Flurry.os
 .note.GNU-stack
                0x00000000        0x0 release\Flurry.os
 .text          0x00000000        0x0 release\Flurry_register.os
 .data          0x00000000        0x0 release\Flurry_register.os
 .bss           0x00000000        0x0 release\Flurry_register.os
 .text._Z17FlurryRegisterExtv
                0x00000000      0x160 release\Flurry_register.os
 .note.GNU-stack
                0x00000000        0x0 release\Flurry_register.os
 .text          0x00000000        0x0 C:\marmalade\7.5\s3e\edk\lib\android/libedk.a(edk_helpers.o)
 .data          0x00000000        0x0 C:\marmalade\7.5\s3e\edk\lib\android/libedk.a(edk_helpers.o)
 .bss           0x00000000        0x0 C:\marmalade\7.5\s3e\edk\lib\android/libedk.a(edk_helpers.o)
 .text.s3eEdkErrorSetString
                0x00000000       0x30 C:\marmalade\7.5\s3e\edk\lib\android/libedk.a(edk_helpers.o)
 .text.s3eEdkThreadRunOnOSAsync
                0x00000000       0x30 C:\marmalade\7.5\s3e\edk\lib\android/libedk.a(edk_helpers.o)
 .note.GNU-stack
                0x00000000        0x0 C:\marmalade\7.5\s3e\edk\lib\android/libedk.a(edk_helpers.o)
 .text          0x00000000        0x0 C:/software/android-ndk-r10d/platforms/android-14/arch-arm/usr/lib/crtend_so.o
 .data          0x00000000        0x0 C:/software/android-ndk-r10d/platforms/android-14/arch-arm/usr/lib/crtend_so.o
 .bss           0x00000000        0x0 C:/software/android-ndk-r10d/platforms/android-14/arch-arm/usr/lib/crtend_so.o
 .note.GNU-stack
                0x00000000        0x0 C:/software/android-ndk-r10d/platforms/android-14/arch-arm/usr/lib/crtend_so.o

Memory map

 ** file header
                0x00000000       0x34
 ** segment headers
                0x00000034       0xe0

.interp         0x00000114       0x13
 ** fill        0x00000114       0x13

.dynsym         0x00000128       0xc0
 ** dynsym      0x00000128       0xc0

.dynstr         0x000001e8       0xea
 ** string table
                0x000001e8       0xea

.hash           0x000002d4       0x44
 ** hash        0x000002d4       0x44

.rel.dyn        0x00000318       0x80
 ** dynamic relocs
                0x00000318       0x80

.rel.plt        0x00000398       0x20
 ** dynamic relocs
                0x00000398       0x20

.plt            0x000003b8       0x44
 ** PLT         0x000003b8       0x44

.text           0x000003fc      0xdc0
 .text.exit     0x000003fc       0x10 C:/software/android-ndk-r10d/platforms/android-14/arch-arm/usr/lib/crtbegin_so.o
                0x000003fc                __on_dlclose
 .text._ZL27s3eEdkAndroidFindClass_realPKc
                0x0000040c       0xb8 release\Flurry_platform.os
 .text._ZN7_JNIEnv9NewObjectEP7_jclassP10_jmethodIDz
                0x000004c4       0x38 release\Flurry_platform.os
                0x000004c4                _JNIEnv::NewObject(_jclass*, _jmethodID*, ...)
 .text._ZN7_JNIEnv14CallVoidMethodEP8_jobjectP10_jmethodIDz
                0x000004fc       0x38 release\Flurry_platform.os
                0x000004fc                _JNIEnv::CallVoidMethod(_jobject*, _jmethodID*, ...)
 .text._Z19FlurryInit_platformv
                0x00000534      0x400 release\Flurry_platform.os
                0x00000534                FlurryInit_platform()
 .text._Z24FlurryTerminate_platformv
                0x00000934        0x4 release\Flurry_platform.os
                0x00000934                FlurryTerminate_platform()
 .text._Z30s3eFlurryStartSession_platformPKc
                0x00000938       0x88 release\Flurry_platform.os
                0x00000938                s3eFlurryStartSession_platform(char const*)
 .text._Z28s3eFlurryEndSession_platformv
                0x000009c0       0x50 release\Flurry_platform.os
                0x000009c0                s3eFlurryEndSession_platform()
 .text._Z26s3eFlurryLogEvent_platformPKc
                0x00000a10       0x88 release\Flurry_platform.os
                0x00000a10                s3eFlurryLogEvent_platform(char const*)
 .text._Z31s3eFlurryLogEventTimed_platformPKc
                0x00000a98       0x88 release\Flurry_platform.os
                0x00000a98                s3eFlurryLogEventTimed_platform(char const*)
 .text._Z32s3eFlurryLogEventParams_platformPKcS0_
                0x00000b20       0xbc release\Flurry_platform.os
                0x00000b20                s3eFlurryLogEventParams_platform(char const*, char const*)
 .text._Z37s3eFlurryLogEventParamsTimed_platformPKcS0_
                0x00000bdc       0xbc release\Flurry_platform.os
                0x00000bdc                s3eFlurryLogEventParamsTimed_platform(char const*, char const*)
 .text._Z31s3eFlurryEndTimedEvent_platformPKcS0_
                0x00000c98       0xbc release\Flurry_platform.os
                0x00000c98                s3eFlurryEndTimedEvent_platform(char const*, char const*)
 .text._Z26s3eFlurryLogError_platformPKcS0_
                0x00000d54       0xbc release\Flurry_platform.os
                0x00000d54                s3eFlurryLogError_platform(char const*, char const*)
 .text._Z27s3eFlurrySetUserID_platformPKc
                0x00000e10       0x88 release\Flurry_platform.os
                0x00000e10                s3eFlurrySetUserID_platform(char const*)
 .text._Z24s3eFlurrySetAge_platformi
                0x00000e98       0x58 release\Flurry_platform.os
                0x00000e98                s3eFlurrySetAge_platform(int)
 .text._Z31s3eFlurryCountPageView_platformv
                0x00000ef0       0x50 release\Flurry_platform.os
                0x00000ef0                s3eFlurryCountPageView_platform()
 .text._Z49s3eFlurrySetSessionReportsOnCloseEnabled_platformh
                0x00000f40       0x58 release\Flurry_platform.os
                0x00000f40                s3eFlurrySetSessionReportsOnCloseEnabled_platform(unsigned char)
 .text._Z49s3eFlurrySetSessionReportsOnPauseEnabled_platformh
                0x00000f98       0x58 release\Flurry_platform.os
                0x00000f98                s3eFlurrySetSessionReportsOnPauseEnabled_platform(unsigned char)
 .text._Z10FlurryInitv
                0x00000ff0        0x4 release\Flurry.os
                0x00000ff0                FlurryInit()
 .text._Z15FlurryTerminatev
                0x00000ff4        0x4 release\Flurry.os
                0x00000ff4                FlurryTerminate()
 .text.s3eFlurryStartSession
                0x00000ff8        0x4 release\Flurry.os
                0x00000ff8                s3eFlurryStartSession
 .text.s3eFlurryEndSession
                0x00000ffc        0x4 release\Flurry.os
                0x00000ffc                s3eFlurryEndSession
 .text.s3eFlurryLogEvent
                0x00001000        0x4 release\Flurry.os
                0x00001000                s3eFlurryLogEvent
 .text.s3eFlurryLogEventTimed
                0x00001004        0x4 release\Flurry.os
                0x00001004                s3eFlurryLogEventTimed
 .text.s3eFlurryLogEventParams
                0x00001008        0x4 release\Flurry.os
                0x00001008                s3eFlurryLogEventParams
 .text.s3eFlurryLogEventParamsTimed
                0x0000100c        0x4 release\Flurry.os
                0x0000100c                s3eFlurryLogEventParamsTimed
 .text.s3eFlurryEndTimedEvent
                0x00001010        0x4 release\Flurry.os
                0x00001010                s3eFlurryEndTimedEvent
 .text.s3eFlurryLogError
                0x00001014        0x4 release\Flurry.os
                0x00001014                s3eFlurryLogError
 .text.s3eFlurrySetUserID
                0x00001018        0x4 release\Flurry.os
                0x00001018                s3eFlurrySetUserID
 .text.s3eFlurrySetAge
                0x0000101c        0x4 release\Flurry.os
                0x0000101c                s3eFlurrySetAge
 .text.s3eFlurryCountPageView
                0x00001020        0x4 release\Flurry.os
                0x00001020                s3eFlurryCountPageView
 .text.s3eFlurrySetSessionReportsOnCloseEnabled
                0x00001024        0x4 release\Flurry.os
                0x00001024                s3eFlurrySetSessionReportsOnCloseEnabled
 .text.s3eFlurrySetSessionReportsOnPauseEnabled
                0x00001028        0x4 release\Flurry.os
                0x00001028                s3eFlurrySetSessionReportsOnPauseEnabled
 .text.RegisterExt
                0x0000102c      0x160 release\Flurry_register.os
                0x0000102c                RegisterExt
 .text.s3eEdkThreadRunOnOS
                0xffffffffffffffff       0x30 C:\marmalade\7.5\s3e\edk\lib\android/libedk.a(edk_helpers.o)
                0x0000118c                s3eEdkThreadRunOnOS

.rodata         0x000011bc      0x1b1
 ** merge strings
                0x000011bc      0x1b1

.fini_array     0x00002ebc        0x8
 .fini_array    0x00002ebc        0x4 C:/software/android-ndk-r10d/platforms/android-14/arch-arm/usr/lib/crtbegin_so.o
 .fini_array    0x00002ec0        0x4 C:/software/android-ndk-r10d/platforms/android-14/arch-arm/usr/lib/crtend_so.o

.init_array     0x00002ec4        0x4
 .init_array    0x00002ec4        0x4 C:/software/android-ndk-r10d/platforms/android-14/arch-arm/usr/lib/crtend_so.o

.dynamic        0x00002ec8       0xe0
 ** dynamic     0x00002ec8       0xe0

.got            0x00002fa8       0x58
 ** GOT         0x00002fa8       0x3c
 ** GOT PLT     0x00002fe4       0x1c

.data           0x00003000        0x4
 .data          0x00003000        0x4 C:/software/android-ndk-r10d/platforms/android-14/arch-arm/usr/lib/crtbegin_so.o
                0x00003000                __dso_handle

.bss            0x00003004       0x38
 .bss           0x00003004       0x38 release\Flurry_platform.os
